
> stormcom@0.1.0 type-check
> tsc --noEmit

