
> stormcom@0.1.0 test
> vitest run tests/integration/gdpr-endpoints.test.ts


[1m[46m RUN [49m[22m [36mv3.2.4 [39m[90mF:/stromcom3v/StormCom[39m

 [32mΓ£ô[39m tests/integration/gdpr-endpoints.test.ts [2m([22m[2m12 tests[22m[2m)[22m[32m 242[2mms[22m[39m

[2m Test Files [22m [1m[32m1 passed[39m[22m[90m (1)[39m
[2m      Tests [22m [1m[32m12 passed[39m[22m[90m (12)[39m
[2m   Start at [22m 21:04:47
[2m   Duration [22m 2.93s[2m (transform 225ms, setup 492ms, collect 416ms, tests 242ms, environment 1.46s, prepare 110ms)[22m

